
> regaarder-compose@1.0.0 build
> vite build

[36mvite v8.2.1 [32mbuilding client environment for production...[36m[39m
[2K
transforming...??1798 modules transformed.
node.exe : [31m??[39m Build failed in 1.87s
At line:1 char:1
+ & "C:\Program Files\nodejs/node.exe" "C:\Program Files\nodejs/node_mo ...
+ ~~~~~~~~~~~~~~~~~~~~~~~~~~~~~~~~~~~~~~~~~~~~~~~~~~~~~~~~~~~~~~~~~~~~~
    + CategoryInfo          : NotSpecified: ([31m??[39m Build failed in 1.87s:String) [], RemoteException
    + FullyQualifiedErrorId : NativeCommandError
 
[31merror during build:
[31mBuild failed with 1 error:

[31m[builtin:vite-transform] [0mExpected `,` or `)` but found `Identifier`
       [38;5;246m??[0m[38;5;246m?[0m[38;5;246m[[0m src/App.jsx:48424:27 [38;5;246m][0m
       [38;5;246m??[0m
 [38;5;246m48327 ??[0m [38;5;249m [0m[38;5;249m [0m[38;5;249m [0m[38;5;249m [0m[38;5;249m [0m[38;5;249m [0
m[38;5;249ms[0m[38;5;249mh[0m[38;5;249mo[0m[38;5;249mw[0m[38;5;249mT[0m[38;5;249mo[0m[38;5;249ma[0m[38;5
;249ms[0m[38;5;249mt[0m([38;5;249m`[0m[38;5;249mC[0m[38;5;249mo[0m[38;5;249mn[0m[38;5;249mn[0m[38;5;249me
[0m[38;5;249mc[0m[38;5;249mt[0m[38;5;249me[0m[38;5;249md[0m[38;5;249m 
[0m[38;5;249mw[0m[38;5;249mi[0m[38;5;249mt[0m[38;5;249mh[0m[38;5;249m [0m[38;5;249m$[0m[38;5;249m{[0m[3
8;5;249mp[0m[38;5;249mr[0m[38;5;249mo[0m[38;5;249mv[0m[38;5;249mi[0m[38;5;249md[0m[38;5;249me[0m[38;5;249
mr[0m[38;5;249m [0m[38;5;249m=[0m[38;5;249m=[0m[38;5;249m=[0m[38;5;249m [0m[38;5;249m'[0m[38;5;249mg[0m
[38;5;249mo[0m[38;5;249mo[0m[38;5;249mg[0m[38;5;249ml[0m[38;5;249me[0m[38;5;249m'[0m[38;5;249m 
[0m[38;5;249m?[0m[38;5;249m [0m[38;5;249m'[0m[38;5;249mG[0m[38;5;249mo[0m[38;5;249mo[0m[38;5;249mg[0m[3
8;5;249ml[0m[38;5;249me[0m[38;5;249m'[0m[38;5;249m [0m[38;5;249m:[0m[38;5;249m [0m[38;5;249m'[0m[38;5;249
mA[0m[38;5;249mp[0m[38;5;249mp[0m[38;5;249ml[0m[38;5;249me[0m[38;5;249m'[0m[38;5;249m}[0m[38;5;249m 
[0m[38;5;249m?[0m[38;5;249m??[0m[38;5;249m)[0m[38;5;249m;[0m
 [38;5;240m      ??[0m                ?? 
 [38;5;240m      ??[0m                ?售?? Opened here
 [38;5;240m      ??[0m 
 [38;5;246m48424 ??[0m [38;5;249m [0m[38;5;249m [0m[38;5;249m [0m[38;5;249m [0m[38;5;249m [0m[38;5;249m 
[0m[38;5;249m [0m[38;5;249m [0m[38;5;249m [0m[38;5;249m [0m[38;5;249m [0m[38;5;249m [0m[38;5;249m 
[0m[38;5;249m [0m[38;5;249mc[0m[38;5;249ml[0m[38;5;249ma[0m[38;5;249ms[0m[38;5;249ms[0m[38;5;249mN[0m[3
8;5;249ma[0m[38;5;249mm[0m[38;5;249me[0m[38;5;249m=[0m[38;5;249m{[0m[38;5;249m`[0mrelative[38;5;249m 
[0m[38;5;249mf[0m[38;5;249ml[0m[38;5;249me[0m[38;5;249mx[0m[38;5;249m-[0m[38;5;249m1[0m[38;5;249m 
[0m[38;5;249mz[0m[38;5;249m-[0m[38;5;249m1[0m[38;5;249m0[0m[38;5;249m [0m[38;5;249mt[0m[38;5;249me[0m[3
8;5;249mx[0m[38;5;249mt[0m[38;5;249m-[0m[38;5;249m[[0m[38;5;249m1[0m[38;5;249m1[0m[38;5;249m.[0m[38;5;249
m5[0m[38;5;249mp[0m[38;5;249mx[0m[38;5;249m][0m[38;5;249m [0m[38;5;249mf[0m[38;5;249mo[0m[38;5;249mn[0m
[38;5;249mt[0m[38;5;249m-[0m[38;5;249mm[0m[38;5;249me[0m[38;5;249md[0m[38;5;249mi[0m[38;5;249mu[0m[38;5;2
49mm[0m[38;5;249m [0m[38;5;249mt[0m[38;5;249mr[0m[38;5;249ma[0m[38;5;249mn[0m[38;5;249ms[0m[38;5;249mi[0
m[38;5;249mt[0m[38;5;249mi[0m[38;5;249mo[0m[38;5;249mn[0m[38;5;249m-[0m[38;5;249mc[0m[38;5;249mo[0m[38;5
;249ml[0m[38;5;249mo[0m[38;5;249mr[0m[38;5;249ms[0m[38;5;249m [0m[38;5;249md[0m[38;5;249mu[0m[38;5;249mr
[0m[38;5;249ma[0m[38;5;249mt[0m[38;5;249mi[0m[38;5;249mo[0m[38;5;249mn[0m[38;5;249m-[0m[38;5;249m1[0m[38
;5;249m5[0m[38;5;249m0[0m[38;5;249m 
[0m[38;5;249mf[0m[38;5;249ml[0m[38;5;249me[0m[38;5;249mx[0m[38;5;249m [0m[38;5;249mi[0m[38;5;249mt[0m[3
8;5;249me[0m[38;5;249mm[0m[38;5;249ms[0m[38;5;249m-[0m[38;5;249mc[0m[38;5;249me[0m[38;5;249mn[0m[38;5;249
mt[0m[38;5;249me[0m[38;5;249mr[0m[38;5;249m [0m[38;5;249mj[0m[38;5;249mu[0m[38;5;249ms[0m[38;5;249mt[0m
[38;5;249mi[0m[38;5;249mf[0m[38;5;249my[0m[38;5;249m-[0m[38;5;249mc[0m[38;5;249me[0m[38;5;249mn[0m[38;5;2
49mt[0m[38;5;249me[0m[38;5;249mr[0m[38;5;249m [0m[38;5;249m$[0m[38;5;249m{[0m
 [38;5;240m      ??[0m                           ?????砂???  
 [38;5;240m      ??[0m                               ?售????? `,` or `)` expected
[38;5;246m?????????[0m
[31m
    at aggregateBindingErrorsIntoJsError 
(file:///C:/Users/user/Downloads/Project%20MOAT/node_modules/rolldown/dist/shared/error-BzLGqhSQ.mjs:48:18)
    at unwrapBindingResult 
(file:///C:/Users/user/Downloads/Project%20MOAT/node_modules/rolldown/dist/shared/error-BzLGqhSQ.mjs:18:128)
    at #build 
(file:///C:/Users/user/Downloads/Project%20MOAT/node_modules/rolldown/dist/shared/rolldown-I5b6h5Km.mjs:132:34)
    at async buildEnvironment (file:///C:/Users/user/Downloads/Project%20MOAT/Regaarder%20Compose/node_modules/vite/dis
t/node/chunks/node.js:33730:66)
    at async Object.build (file:///C:/Users/user/Downloads/Project%20MOAT/Regaarder%20Compose/node_modules/vite/dist/no
de/chunks/node.js:34150:19)
    at async Object.buildApp (file:///C:/Users/user/Downloads/Project%20MOAT/Regaarder%20Compose/node_modules/vite/dist
/node/chunks/node.js:34147:153)
    at async CAC.<anonymous> 
(file:///C:/Users/user/Downloads/Project%20MOAT/Regaarder%20Compose/node_modules/vite/dist/node/cli.js:776:3) {
  errors: [Getter/Setter]
}[39m
npm error Lifecycle script `build` failed with error:
npm error code 1
npm error path C:\Users\user\Downloads\Project MOAT\Regaarder Compose
npm error workspace regaarder-compose@1.0.0
npm error location C:\Users\user\Downloads\Project MOAT\Regaarder Compose
npm error command failed
npm error command C:\Windows\system32\cmd.exe /d /s /c vite build
